projects/amazon-trend-analyzer/qb_chunks/page_624_skip624000.csv
ASIN Buyability Flag,asin_status,CVR%,revenue,asp,units,gv,Images #,Videos #,Has A+ Content,Buybox Winner,Average Rating,Number of Ratings,bb_price,Ad CTR%,Ad CVR%,bsr,brand,Ad CPC$,ASIN (Description),Update Type,Sold By Amazon,Has Coupon?,Has Store Link?,In Stock Today?,category,Sellable On Hand Units,asin,date,Ad Cost,Ad Sales,Ad Clicks,Ad Impressions,Ad Conversions
In Stock,FD,0.0,,,,2.0,5.0,0.0,True,,4.6,52.0,129.51,,,165.0,Glad for Kids (Disney),,"B0D4ZJ7NB3 (Glad- 12"" x 10"" Pan w/Lid -3CT-Princess & *** 24 Pc Multi-Pk ***)",[],True,False,True,False,Foils & Pans,1.0,B0D4ZJ7NB3,2026-04-05,,,,,
In Stock,FD,,,,,,5.0,0.0,True,,4.6,52.0,129.51,,,179.0,Glad for Kids (Disney),,"B0D4ZJ7NB3 (Glad- 12"" x 10"" Pan w/Lid -3CT-Princess & *** 24 Pc Multi-Pk ***)",[],True,False,True,False,Foils & Pans,1.0,B0D4ZJ7NB3,2026-04-01,,,,,
In Stock,FD,,,,,,5.0,0.0,True,,4.6,51.0,112.67,,,186.0,Glad for Kids (Disney),,"B0D4ZJ7NB3 (Glad- 12"" x 10"" Pan w/Lid -3CT-Princess & *** 24 Pc Multi-Pk ***)",[],True,False,True,False,Foils & Pans,1.0,B0D4ZJ7NB3,2026-03-26,,,,,
In Stock,FD,,,,,0.0,5.0,0.0,True,,4.6,51.0,130.61,,,194.0,Glad for Kids (Disney),,"B0D4ZJ7NB3 (Glad- 12"" x 10"" Pan w/Lid -3CT-Princess & *** 24 Pc Multi-Pk ***)",[],True,False,True,False,Foils & Pans,1.0,B0D4ZJ7NB3,2026-03-25,,,,,
In Stock,FD,,,,,0.0,5.0,0.0,True,,4.6,51.0,130.69,,,169.0,Glad for Kids (Disney),,"B0D4ZJ7NB3 (Glad- 12"" x 10"" Pan w/Lid -3CT-Princess & *** 24 Pc Multi-Pk ***)",[],True,False,True,False,Foils & Pans,1.0,B0D4ZJ7NB3,2026-03-20,,,,,
In Stock,FD,,,,,,5.0,0.0,True,,4.6,51.0,130.72,,,182.0,Glad for Kids (Disney),,"B0D4ZJ7NB3 (Glad- 12"" x 10"" Pan w/Lid -3CT-Princess & *** 24 Pc Multi-Pk ***)",[],True,False,True,False,Foils & Pans,1.0,B0D4ZJ7NB3,2026-03-14,,,,,
In Stock,FD,,,,,,5.0,0.0,True,,4.5,47.0,136.63,,,194.0,Glad for Kids (Disney),,"B0D4ZJ7NB3 (Glad- 12"" x 10"" Pan w/Lid -3CT-Princess & *** 24 Pc Multi-Pk ***)",[],True,False,True,False,Foils & Pans,1.0,B0D4ZJ7NB3,2026-02-23,,,,,
In Stock,FD,0.0,,,,3.0,5.0,0.0,True,,4.5,47.0,128.75,,,167.0,Glad for Kids (Disney),,"B0D4ZJ7NB3 (Glad- 12"" x 10"" Pan w/Lid -3CT-Princess & *** 24 Pc Multi-Pk ***)",[],True,False,True,False,Foils & Pans,1.0,B0D4ZJ7NB3,2026-02-22,,,,,
In Stock,FD,0.5,118.0,117.77,1.0,2.0,6.0,0.0,True,,4.6,40.0,117.36,,,251.0,Glad for Kids (Disney),,"B0D4ZJ7NB3 (Glad- 12"" x 10"" Pan w/Lid -3CT-Princess & *** 24 Pc Multi-Pk ***)",[],True,False,True,False,Foils & Pans,2.0,B0D4ZJ7NB3,2025-12-21,,,,,
In Stock,FD,0.0,0.0,,0.0,5.0,6.0,0.0,True,,4.6,40.0,29.6,,,226.0,Glad for Kids (Disney),,"B0D4ZJ7NB3 (Glad- 12"" x 10"" Pan w/Lid -3CT-Princess & *** 24 Pc Multi-Pk ***)",[],True,False,True,False,Foils & Pans,4.0,B0D4ZJ7NB3,2025-12-20,,,,,
In Stock,FD,0.07400000000000001,474.0,29.6,16.0,217.0,6.0,0.0,True,,4.6,38.0,33.84,,,267.0,Glad for Kids (Disney),,"B0D4ZJ7NB3 (Glad- 12"" x 10"" Pan w/Lid -3CT-Princess & *** 24 Pc Multi-Pk ***)",[],True,False,True,False,Foils & Pans,11.0,B0D4ZJ7NB3,2025-12-15,,,,,
In Stock,FD,0.0,,,,8.0,6.0,0.0,True,,4.6,38.0,33.84,,,280.0,Glad for Kids (Disney),,"B0D4ZJ7NB3 (Glad- 12"" x 10"" Pan w/Lid -3CT-Princess & *** 24 Pc Multi-Pk ***)",[],True,False,True,False,Foils & Pans,16.0,B0D4ZJ7NB3,2025-12-14,,,,,
In Stock,FD,0.0,,,,1.0,6.0,0.0,True,,4.6,38.0,33.84,,,279.0,Glad for Kids (Disney),,"B0D4ZJ7NB3 (Glad- 12"" x 10"" Pan w/Lid -3CT-Princess & *** 24 Pc Multi-Pk ***)",[],True,False,True,False,Foils & Pans,16.0,B0D4ZJ7NB3,2025-12-13,,,,,
In Stock,FD,0.0,0.0,,0.0,2.0,6.0,0.0,True,,4.6,38.0,33.12,,,319.0,Glad for Kids (Disney),,"B0D4ZJ7NB3 (Glad- 12"" x 10"" Pan w/Lid -3CT-Princess & *** 24 Pc Multi-Pk ***)",[],True,False,True,False,Foils & Pans,16.0,B0D4ZJ7NB3,2025-12-12,,,,,
In Stock,FD,0.5,33.0,33.12,1.0,2.0,6.0,0.0,True,,4.6,38.0,33.12,,,284.0,Glad for Kids (Disney),,"B0D4ZJ7NB3 (Glad- 12"" x 10"" Pan w/Lid -3CT-Princess & *** 24 Pc Multi-Pk ***)",[],True,False,True,False,Foils & Pans,17.0,B0D4ZJ7NB3,2025-12-11,,,,,
In Stock,FD,,,,,,6.0,0.0,True,,4.6,38.0,33.12,,,283.0,Glad for Kids (Disney),,"B0D4ZJ7NB3 (Glad- 12"" x 10"" Pan w/Lid -3CT-Princess & *** 24 Pc Multi-Pk ***)",[],True,False,True,False,Foils & Pans,17.0,B0D4ZJ7NB3,2025-12-10,,,,,
In Stock,FD,0.0,,,,2.0,6.0,0.0,True,,4.6,38.0,34.88,,,279.0,Glad for Kids (Disney),,"B0D4ZJ7NB3 (Glad- 12"" x 10"" Pan w/Lid -3CT-Princess & *** 24 Pc Multi-Pk ***)",[],True,False,True,False,Foils & Pans,17.0,B0D4ZJ7NB3,2025-12-09,,,,,
In Stock,FD,0.0,,,,2.0,6.0,0.0,True,,4.6,38.0,34.88,,,283.0,Glad for Kids (Disney),,"B0D4ZJ7NB3 (Glad- 12"" x 10"" Pan w/Lid -3CT-Princess & *** 24 Pc Multi-Pk ***)",[],True,False,True,False,Foils & Pans,17.0,B0D4ZJ7NB3,2025-12-08,,,,,
In Stock,FD,0.0,,,,10.0,6.0,0.0,True,,4.6,38.0,34.88,,,289.0,Glad for Kids (Disney),,"B0D4ZJ7NB3 (Glad- 12"" x 10"" Pan w/Lid -3CT-Princess & *** 24 Pc Multi-Pk ***)",[],True,False,True,False,Foils & Pans,17.0,B0D4ZJ7NB3,2025-12-07,,,,,
In Stock,FD,0.0,,,,1.0,6.0,0.0,True,,4.6,38.0,34.88,,,270.0,Glad for Kids (Disney),,"B0D4ZJ7NB3 (Glad- 12"" x 10"" Pan w/Lid -3CT-Princess & *** 24 Pc Multi-Pk ***)",[],True,False,True,False,Foils & Pans,17.0,B0D4ZJ7NB3,2025-12-06,,,,,
In Stock,FD,0.0,,,,1.0,6.0,0.0,True,,4.6,37.0,38.26,,,306.0,Glad for Kids (Disney),,"B0D4ZJ7NB3 (Glad- 12"" x 10"" Pan w/Lid -3CT-Princess & *** 24 Pc Multi-Pk ***)",[],True,False,True,False,Foils & Pans,17.0,B0D4ZJ7NB3,2025-12-05,,,,,
In Stock,FD,0.0,,,,4.0,6.0,0.0,True,,4.6,37.0,38.26,,,343.0,Glad for Kids (Disney),,"B0D4ZJ7NB3 (Glad- 12"" x 10"" Pan w/Lid -3CT-Princess & *** 24 Pc Multi-Pk ***)",[],True,False,True,False,Foils & Pans,17.0,B0D4ZJ7NB3,2025-12-04,,,,,
In Stock,FD,0.0,,,,1.0,6.0,0.0,True,,4.6,37.0,38.26,,,309.0,Glad for Kids (Disney),,"B0D4ZJ7NB3 (Glad- 12"" x 10"" Pan w/Lid -3CT-Princess & *** 24 Pc Multi-Pk ***)",[],True,False,True,False,Foils & Pans,17.0,B0D4ZJ7NB3,2025-12-03,,,,,
In Stock,FD,0.0,,,,3.0,6.0,0.0,True,,4.6,37.0,41.33,,,274.0,Glad for Kids (Disney),,"B0D4ZJ7NB3 (Glad- 12"" x 10"" Pan w/Lid -3CT-Princess & *** 24 Pc Multi-Pk ***)",[],True,False,True,False,Foils & Pans,17.0,B0D4ZJ7NB3,2025-12-02,,,,,
In Stock,FD,0.0,,,,3.0,6.0,0.0,True,,4.6,37.0,41.33,,,237.0,Glad for Kids (Disney),,"B0D4ZJ7NB3 (Glad- 12"" x 10"" Pan w/Lid -3CT-Princess & *** 24 Pc Multi-Pk ***)",[],True,False,True,False,Foils & Pans,17.0,B0D4ZJ7NB3,2025-12-01,,,,,
In Stock,FD,0.0,,,,1.0,6.0,0.0,True,,4.6,37.0,41.33,,,277.0,Glad for Kids (Disney),,"B0D4ZJ7NB3 (Glad- 12"" x 10"" Pan w/Lid -3CT-Princess & *** 24 Pc Multi-Pk ***)",[],True,False,True,False,Foils & Pans,17.0,B0D4ZJ7NB3,2025-11-30,,,,,
In Stock,FD,,,,,,6.0,0.0,True,,4.6,37.0,41.33,,,228.0,Glad for Kids (Disney),,"B0D4ZJ7NB3 (Glad- 12"" x 10"" Pan w/Lid -3CT-Princess & *** 24 Pc Multi-Pk ***)",[],True,False,True,False,Foils & Pans,17.0,B0D4ZJ7NB3,2025-11-29,,,,,
In Stock,FD,,,,,,6.0,0.0,True,,4.6,37.0,41.33,,,213.0,Glad for Kids (Disney),,"B0D4ZJ7NB3 (Glad- 12"" x 10"" Pan w/Lid -3CT-Princess & *** 24 Pc Multi-Pk ***)",[],True,False,True,False,Foils & Pans,17.0,B0D4ZJ7NB3,2025-11-28,,,,,
In Stock,FD,0.0,,,,2.0,6.0,0.0,True,,4.6,37.0,36.57,,,248.0,Glad for Kids (Disney),,"B0D4ZJ7NB3 (Glad- 12"" x 10"" Pan w/Lid -3CT-Princess & *** 24 Pc Multi-Pk ***)",[],True,False,True,False,Foils & Pans,17.0,B0D4ZJ7NB3,2025-11-27,,,,,
In Stock,FD,0.0,,,,1.0,6.0,0.0,True,,4.6,37.0,36.57,,,227.0,Glad for Kids (Disney),,"B0D4ZJ7NB3 (Glad- 12"" x 10"" Pan w/Lid -3CT-Princess & *** 24 Pc Multi-Pk ***)",[],True,False,True,False,Foils & Pans,17.0,B0D4ZJ7NB3,2025-11-26,,,,,
In Stock,FD,0.0,,,,1.0,6.0,0.0,True,,4.6,37.0,39.31,,,225.0,Glad for Kids (Disney),,"B0D4ZJ7NB3 (Glad- 12"" x 10"" Pan w/Lid -3CT-Princess & *** 24 Pc Multi-Pk ***)",[],True,False,True,False,Foils & Pans,17.0,B0D4ZJ7NB3,2025-11-25,,,,,
In Stock,FD,0.0,,,,1.0,6.0,0.0,True,,4.6,37.0,39.31,,,259.0,Glad for Kids (Disney),,"B0D4ZJ7NB3 (Glad- 12"" x 10"" Pan w/Lid -3CT-Princess & *** 24 Pc Multi-Pk ***)",[],True,False,True,False,Foils & Pans,17.0,B0D4ZJ7NB3,2025-11-24,,,,,
In Stock,FD,0.0,,,,3.0,6.0,0.0,True,,4.6,37.0,39.31,,,299.0,Glad for Kids (Disney),,"B0D4ZJ7NB3 (Glad- 12"" x 10"" Pan w/Lid -3CT-Princess & *** 24 Pc Multi-Pk ***)",[],True,False,True,False,Foils & Pans,17.0,B0D4ZJ7NB3,2025-11-23,,,,,
In Stock,FD,0.0,,,,2.0,6.0,0.0,True,,4.6,37.0,39.31,,,352.0,Glad for Kids (Disney),,"B0D4ZJ7NB3 (Glad- 12"" x 10"" Pan w/Lid -3CT-Princess & *** 24 Pc Multi-Pk ***)",[],True,False,True,False,Foils & Pans,17.0,B0D4ZJ7NB3,2025-11-22,,,,,
In Stock,FD,,,,,0.0,6.0,0.0,True,,4.6,37.0,39.31,,,313.0,Glad for Kids (Disney),,"B0D4ZJ7NB3 (Glad- 12"" x 10"" Pan w/Lid -3CT-Princess & *** 24 Pc Multi-Pk ***)",[],True,False,True,False,Foils & Pans,17.0,B0D4ZJ7NB3,2025-11-21,,,,,
In Stock,FD,,,,,,6.0,0.0,True,,4.6,37.0,39.31,,,321.0,Glad for Kids (Disney),,"B0D4ZJ7NB3 (Glad- 12"" x 10"" Pan w/Lid -3CT-Princess & *** 24 Pc Multi-Pk ***)",[],True,False,True,False,Foils & Pans,17.0,B0D4ZJ7NB3,2025-11-20,,,,,
In Stock,FD,,,,,0.0,6.0,0.0,True,,4.6,37.0,39.31,,,314.0,Glad for Kids (Disney),,"B0D4ZJ7NB3 (Glad- 12"" x 10"" Pan w/Lid -3CT-Princess & *** 24 Pc Multi-Pk ***)",[],True,False,True,False,Foils & Pans,17.0,B0D4ZJ7NB3,2025-11-19,,,,,
In Stock,FD,,,,,,6.0,0.0,True,,4.6,37.0,39.31,,,311.0,Glad for Kids (Disney),,"B0D4ZJ7NB3 (Glad- 12"" x 10"" Pan w/Lid -3CT-Princess & *** 24 Pc Multi-Pk ***)",[],True,False,True,False,Foils & Pans,17.0,B0D4ZJ7NB3,2025-11-18,,,,,
In Stock,FD,0.0,,,,2.0,6.0,0.0,True,,4.6,37.0,39.31,,,289.0,Glad for Kids (Disney),,"B0D4ZJ7NB3 (Glad- 12"" x 10"" Pan w/Lid -3CT-Princess & *** 24 Pc Multi-Pk ***)",[],True,False,True,False,Foils & Pans,17.0,B0D4ZJ7NB3,2025-11-17,,,,,
In Stock,FD,0.0,,,,2.0,6.0,0.0,True,,4.6,37.0,39.31,,,283.0,Glad for Kids (Disney),,"B0D4ZJ7NB3 (Glad- 12"" x 10"" Pan w/Lid -3CT-Princess & *** 24 Pc Multi-Pk ***)",[],True,False,True,False,Foils & Pans,17.0,B0D4ZJ7NB3,2025-11-16,,,,,
In Stock,FD,,,,,,6.0,0.0,True,,4.6,37.0,39.31,,,258.0,Glad for Kids (Disney),,"B0D4ZJ7NB3 (Glad- 12"" x 10"" Pan w/Lid -3CT-Princess & *** 24 Pc Multi-Pk ***)",[],True,False,True,False,Foils & Pans,17.0,B0D4ZJ7NB3,2025-11-15,,,,,
In Stock,FD,,,,,,6.0,0.0,True,,4.6,37.0,39.31,,,281.0,Glad for Kids (Disney),,"B0D4ZJ7NB3 (Glad- 12"" x 10"" Pan w/Lid -3CT-Princess & *** 24 Pc Multi-Pk ***)",[],True,False,True,False,Foils & Pans,,B0D4ZJ7NB3,2025-11-14,,,,,
In Stock,FD,0.0,,,,1.0,6.0,0.0,True,,4.6,37.0,39.31,,,278.0,Glad for Kids (Disney),,"B0D4ZJ7NB3 (Glad- 12"" x 10"" Pan w/Lid -3CT-Princess & *** 24 Pc Multi-Pk ***)",[],True,False,True,False,Foils & Pans,17.0,B0D4ZJ7NB3,2025-11-13,,,,,
In Stock,FD,0.0,,,,2.0,6.0,0.0,True,,4.6,37.0,39.31,,,278.0,Glad for Kids (Disney),,"B0D4ZJ7NB3 (Glad- 12"" x 10"" Pan w/Lid -3CT-Princess & *** 24 Pc Multi-Pk ***)",[],True,False,True,False,Foils & Pans,17.0,B0D4ZJ7NB3,2025-11-12,,,,,
In Stock,FD,,,,,,6.0,0.0,True,,4.6,37.0,42.44,,,278.0,Glad for Kids (Disney),,"B0D4ZJ7NB3 (Glad- 12"" x 10"" Pan w/Lid -3CT-Princess & *** 24 Pc Multi-Pk ***)",[],True,False,True,False,Foils & Pans,17.0,B0D4ZJ7NB3,2025-11-11,,,,,
In Stock,FD,,,,,,6.0,0.0,True,,4.6,37.0,42.44,,,278.0,Glad for Kids (Disney),,"B0D4ZJ7NB3 (Glad- 12"" x 10"" Pan w/Lid -3CT-Princess & *** 24 Pc Multi-Pk ***)",[],True,False,True,False,Foils & Pans,17.0,B0D4ZJ7NB3,2025-11-10,,,,,
In Stock,FD,,,,,,6.0,0.0,True,,4.6,37.0,42.44,,,278.0,Glad for Kids (Disney),,"B0D4ZJ7NB3 (Glad- 12"" x 10"" Pan w/Lid -3CT-Princess & *** 24 Pc Multi-Pk ***)",[],True,False,True,False,Foils & Pans,17.0,B0D4ZJ7NB3,2025-11-09,,,,,
In Stock,FD,,,,,,6.0,0.0,True,,4.6,37.0,42.44,,,278.0,Glad for Kids (Disney),,"B0D4ZJ7NB3 (Glad- 12"" x 10"" Pan w/Lid -3CT-Princess & *** 24 Pc Multi-Pk ***)",[],True,False,True,False,Foils & Pans,17.0,B0D4ZJ7NB3,2025-11-08,,,,,
In Stock,FD,,,,,,6.0,0.0,True,,4.6,37.0,42.44,,,278.0,Glad for Kids (Disney),,"B0D4ZJ7NB3 (Glad- 12"" x 10"" Pan w/Lid -3CT-Princess & *** 24 Pc Multi-Pk ***)",[],True,False,True,False,Foils & Pans,17.0,B0D4ZJ7NB3,2025-11-07,,,,,
In Stock,FD,,,,,,6.0,0.0,True,,4.6,37.0,45.74,,,290.0,Glad for Kids (Disney),,"B0D4ZJ7NB3 (Glad- 12"" x 10"" Pan w/Lid -3CT-Princess & *** 24 Pc Multi-Pk ***)",[],True,False,True,False,Foils & Pans,17.0,B0D4ZJ7NB3,2025-11-06,,,,,
In Stock,FD,,,,,,6.0,0.0,True,,4.6,36.0,45.74,,,290.0,Glad for Kids (Disney),,"B0D4ZJ7NB3 (Glad- 12"" x 10"" Pan w/Lid -3CT-Princess & *** 24 Pc Multi-Pk ***)",[],True,False,True,False,Foils & Pans,17.0,B0D4ZJ7NB3,2025-11-05,,,,,
In Stock,FD,,,,,,6.0,0.0,True,,4.6,36.0,45.74,,,269.0,Glad for Kids (Disney),,"B0D4ZJ7NB3 (Glad- 12"" x 10"" Pan w/Lid -3CT-Princess & *** 24 Pc Multi-Pk ***)",[],True,False,True,False,Foils & Pans,17.0,B0D4ZJ7NB3,2025-11-04,,,,,
In Stock,FD,0.0,,,,1.0,6.0,0.0,True,,4.6,36.0,45.74,,,327.0,Glad for Kids (Disney),,"B0D4ZJ7NB3 (Glad- 12"" x 10"" Pan w/Lid -3CT-Princess & *** 24 Pc Multi-Pk ***)",[],True,False,True,False,Foils & Pans,17.0,B0D4ZJ7NB3,2025-11-03,,,,,
In Stock,FD,,,,,,6.0,0.0,True,,4.6,36.0,45.74,,,270.0,Glad for Kids (Disney),,"B0D4ZJ7NB3 (Glad- 12"" x 10"" Pan w/Lid -3CT-Princess & *** 24 Pc Multi-Pk ***)",[],True,False,True,False,Foils & Pans,17.0,B0D4ZJ7NB3,2025-11-02,,,,,
In Stock,FD,0.0,,,,2.0,6.0,0.0,True,,4.6,36.0,45.74,,,259.0,Glad for Kids (Disney),,"B0D4ZJ7NB3 (Glad- 12"" x 10"" Pan w/Lid -3CT-Princess & *** 24 Pc Multi-Pk ***)",[],True,False,True,False,Foils & Pans,17.0,B0D4ZJ7NB3,2025-11-01,,,,,
In Stock,FD,,,,,,6.0,0.0,True,,4.6,36.0,45.74,,,240.0,Glad for Kids (Disney),,"B0D4ZJ7NB3 (Glad- 12"" x 10"" Pan w/Lid -3CT-Princess & *** 24 Pc Multi-Pk ***)",[],True,False,True,False,Foils & Pans,17.0,B0D4ZJ7NB3,2025-10-31,,,,,
In Stock,FD,0.0,,,,1.0,6.0,0.0,True,,4.6,36.0,45.74,,,270.0,Glad for Kids (Disney),,"B0D4ZJ7NB3 (Glad- 12"" x 10"" Pan w/Lid -3CT-Princess & *** 24 Pc Multi-Pk ***)",[],True,False,True,False,Foils & Pans,17.0,B0D4ZJ7NB3,2025-10-30,,,,,
In Stock,FD,,,,,,6.0,0.0,True,,4.6,36.0,45.74,,,217.0,Glad for Kids (Disney),,"B0D4ZJ7NB3 (Glad- 12"" x 10"" Pan w/Lid -3CT-Princess & *** 24 Pc Multi-Pk ***)",[],True,False,True,False,Foils & Pans,17.0,B0D4ZJ7NB3,2025-10-29,,,,,
In Stock,FD,,,,,0.0,6.0,0.0,True,,4.6,36.0,50.71,,,201.0,Glad for Kids (Disney),,"B0D4ZJ7NB3 (Glad- 12"" x 10"" Pan w/Lid -3CT-Princess & *** 24 Pc Multi-Pk ***)",[],True,False,True,False,Foils & Pans,17.0,B0D4ZJ7NB3,2025-10-28,,,,,
In Stock,FD,,,,,,6.0,0.0,True,,4.6,36.0,50.71,,,221.0,Glad for Kids (Disney),,"B0D4ZJ7NB3 (Glad- 12"" x 10"" Pan w/Lid -3CT-Princess & *** 24 Pc Multi-Pk ***)",[],True,False,True,False,Foils & Pans,17.0,B0D4ZJ7NB3,2025-10-27,,,,,
In Stock,FD,,,,,0.0,6.0,0.0,True,,4.6,36.0,56.34,,,257.0,Glad for Kids (Disney),,"B0D4ZJ7NB3 (Glad- 12"" x 10"" Pan w/Lid -3CT-Princess & *** 24 Pc Multi-Pk ***)",[],True,False,True,False,Foils & Pans,17.0,B0D4ZJ7NB3,2025-10-26,,,,,
In Stock,FD,,,,,,6.0,0.0,True,,4.6,36.0,56.34,,,251.0,Glad for Kids (Disney),,"B0D4ZJ7NB3 (Glad- 12"" x 10"" Pan w/Lid -3CT-Princess & *** 24 Pc Multi-Pk ***)",[],True,False,True,False,Foils & Pans,17.0,B0D4ZJ7NB3,2025-10-25,,,,,
In Stock,FD,,,,,,6.0,0.0,True,,4.6,36.0,62.6,,,230.0,Glad for Kids (Disney),,"B0D4ZJ7NB3 (Glad- 12"" x 10"" Pan w/Lid -3CT-Princess & *** 24 Pc Multi-Pk ***)",[],True,False,True,False,Foils & Pans,17.0,B0D4ZJ7NB3,2025-10-24,,,,,
In Stock,FD,,,,,,6.0,0.0,True,,4.6,36.0,62.6,,,198.0,Glad for Kids (Disney),,"B0D4ZJ7NB3 (Glad- 12"" x 10"" Pan w/Lid -3CT-Princess & *** 24 Pc Multi-Pk ***)",[],True,False,True,False,Foils & Pans,17.0,B0D4ZJ7NB3,2025-10-23,,,,,
In Stock,FD,,,,,,6.0,0.0,True,,4.6,36.0,62.6,,,197.0,Glad for Kids (Disney),,"B0D4ZJ7NB3 (Glad- 12"" x 10"" Pan w/Lid -3CT-Princess & *** 24 Pc Multi-Pk ***)",[],True,False,True,False,Foils & Pans,17.0,B0D4ZJ7NB3,2025-10-22,,,,,
In Stock,FD,,,,,,6.0,0.0,True,,4.6,36.0,62.6,,,197.0,Glad for Kids (Disney),,"B0D4ZJ7NB3 (Glad- 12"" x 10"" Pan w/Lid -3CT-Princess & *** 24 Pc Multi-Pk ***)",[],True,False,True,False,Foils & Pans,17.0,B0D4ZJ7NB3,2025-10-21,,,,,
In Stock,FD,,,,,,6.0,0.0,True,,4.6,36.0,62.54,,,197.0,Glad for Kids (Disney),,"B0D4ZJ7NB3 (Glad- 12"" x 10"" Pan w/Lid -3CT-Princess & *** 24 Pc Multi-Pk ***)",[],True,False,True,False,Foils & Pans,17.0,B0D4ZJ7NB3,2025-10-20,,,,,
In Stock,FD,,,,,,6.0,0.0,True,,4.6,36.0,62.54,,,206.0,Glad for Kids (Disney),,"B0D4ZJ7NB3 (Glad- 12"" x 10"" Pan w/Lid -3CT-Princess & *** 24 Pc Multi-Pk ***)",[],True,False,True,False,Foils & Pans,17.0,B0D4ZJ7NB3,2025-10-19,,,,,
In Stock,FD,,,,,,6.0,0.0,True,,4.6,36.0,62.54,,,190.0,Glad for Kids (Disney),,"B0D4ZJ7NB3 (Glad- 12"" x 10"" Pan w/Lid -3CT-Princess & *** 24 Pc Multi-Pk ***)",[],True,False,True,False,Foils & Pans,17.0,B0D4ZJ7NB3,2025-10-18,,,,,
In Stock,FD,0.0,,,,1.0,6.0,0.0,True,,4.5,35.0,62.54,,,175.0,Glad for Kids (Disney),,"B0D4ZJ7NB3 (Glad- 12"" x 10"" Pan w/Lid -3CT-Princess & *** 24 Pc Multi-Pk ***)",[],True,False,True,False,Foils & Pans,17.0,B0D4ZJ7NB3,2025-10-17,,,,,
In Stock,FD,,,,,,6.0,0.0,True,,4.5,35.0,69.49,,,203.0,Glad for Kids (Disney),,"B0D4ZJ7NB3 (Glad- 12"" x 10"" Pan w/Lid -3CT-Princess & *** 24 Pc Multi-Pk ***)",[],True,False,True,False,Foils & Pans,17.0,B0D4ZJ7NB3,2025-10-16,,,,,
In Stock,FD,,,,,,6.0,0.0,True,,4.5,35.0,69.49,,,199.0,Glad for Kids (Disney),,"B0D4ZJ7NB3 (Glad- 12"" x 10"" Pan w/Lid -3CT-Princess & *** 24 Pc Multi-Pk ***)",[],True,False,True,False,Foils & Pans,17.0,B0D4ZJ7NB3,2025-10-15,,,,,
In Stock,FD,0.0,,,,1.0,6.0,0.0,True,,4.5,34.0,69.49,,,242.0,Glad for Kids (Disney),,"B0D4ZJ7NB3 (Glad- 12"" x 10"" Pan w/Lid -3CT-Princess & *** 24 Pc Multi-Pk ***)",[],True,False,True,False,Foils & Pans,17.0,B0D4ZJ7NB3,2025-10-14,,,,,
In Stock,FD,,,,,,6.0,0.0,True,,4.5,34.0,69.49,,,217.0,Glad for Kids (Disney),,"B0D4ZJ7NB3 (Glad- 12"" x 10"" Pan w/Lid -3CT-Princess & *** 24 Pc Multi-Pk ***)",[],True,False,True,False,Foils & Pans,17.0,B0D4ZJ7NB3,2025-10-13,,,,,
In Stock,FD,,,,,,6.0,0.0,True,,4.5,34.0,69.49,,,190.0,Glad for Kids (Disney),,"B0D4ZJ7NB3 (Glad- 12"" x 10"" Pan w/Lid -3CT-Princess & *** 24 Pc Multi-Pk ***)",[],True,False,True,False,Foils & Pans,17.0,B0D4ZJ7NB3,2025-10-12,,,,,
